This is pdfTeX, Version 3.141592653-2.6-1.40.26 (TeX Live 2024/nixos.org) (preloaded format=pdflatex 1980.1.1)  13 MAR 2025 00:12
entering extended mode
 restricted \write18 enabled.
 file:line:error style messages enabled.
 %&-line parsing enabled.
**TT.tex
(./TT.tex
LaTeX2e <2024-06-01> patch level 2
L3 programming layer <2024-10-09>

(/nix/store/sc5p4q3ajvk3586nnrj1iw87698zpgwl-texlive-2024-env-texmfdist/tex/lat
ex/base/article.cls
Document Class: article 2024/02/08 v1.4n Standard LaTeX document class

(/nix/store/sc5p4q3ajvk3586nnrj1iw87698zpgwl-texlive-2024-env-texmfdist/tex/lat
ex/base/size12.clo
File: size12.clo 2024/02/08 v1.4n Standard LaTeX file (size option)
)
\c@part=\count194
\c@section=\count195
\c@subsection=\count196
\c@subsubsection=\count197
\c@paragraph=\count198
\c@subparagraph=\count199
\c@figure=\count266
\c@table=\count267
\abovecaptionskip=\skip49
\belowcaptionskip=\skip50
\bibindent=\dimen141
)
(/nix/store/sc5p4q3ajvk3586nnrj1iw87698zpgwl-texlive-2024-env-texmfdist/tex/lat
ex/base/inputenc.sty
Package: inputenc 2024/02/08 v1.3d Input encoding file
\inpenc@prehook=\toks17
\inpenc@posthook=\toks18
)
(/nix/store/sc5p4q3ajvk3586nnrj1iw87698zpgwl-texlive-2024-env-texmfdist/tex/lat
ex/base/fontenc.sty
Package: fontenc 2021/04/29 v2.0v Standard LaTeX package

(/nix/store/sc5p4q3ajvk3586nnrj1iw87698zpgwl-texlive-2024-env-texmfdist/tex/lat
ex/cyrillic/t2aenc.def
File: t2aenc.def 2023/11/07 v1.0k Cyrillic encoding definition file
Now handling font encoding T2A ...
... processing UTF-8 mapping file for font encoding T2A

(/nix/store/sc5p4q3ajvk3586nnrj1iw87698zpgwl-texlive-2024-env-texmfdist/tex/lat
ex/base/t2aenc.dfu
File: t2aenc.dfu 2022/06/07 v1.3c UTF-8 support
   defining Unicode char U+00A4 (decimal 164)
   defining Unicode char U+00A7 (decimal 167)
   defining Unicode char U+00AB (decimal 171)
   defining Unicode char U+00BB (decimal 187)
   defining Unicode char U+0131 (decimal 305)
   defining Unicode char U+0237 (decimal 567)
   defining Unicode char U+0400 (decimal 1024)
   defining Unicode char U+0401 (decimal 1025)
   defining Unicode char U+0402 (decimal 1026)
   defining Unicode char U+0403 (decimal 1027)
   defining Unicode char U+0404 (decimal 1028)
   defining Unicode char U+0405 (decimal 1029)
   defining Unicode char U+0406 (decimal 1030)
   defining Unicode char U+0407 (decimal 1031)
   defining Unicode char U+0408 (decimal 1032)
   defining Unicode char U+0409 (decimal 1033)
   defining Unicode char U+040A (decimal 1034)
   defining Unicode char U+040B (decimal 1035)
   defining Unicode char U+040C (decimal 1036)
   defining Unicode char U+040D (decimal 1037)
   defining Unicode char U+040E (decimal 1038)
   defining Unicode char U+040F (decimal 1039)
   defining Unicode char U+0410 (decimal 1040)
   defining Unicode char U+0411 (decimal 1041)
   defining Unicode char U+0412 (decimal 1042)
   defining Unicode char U+0413 (decimal 1043)
   defining Unicode char U+0414 (decimal 1044)
   defining Unicode char U+0415 (decimal 1045)
   defining Unicode char U+0416 (decimal 1046)
   defining Unicode char U+0417 (decimal 1047)
   defining Unicode char U+0418 (decimal 1048)
   defining Unicode char U+0419 (decimal 1049)
   defining Unicode char U+041A (decimal 1050)
   defining Unicode char U+041B (decimal 1051)
   defining Unicode char U+041C (decimal 1052)
   defining Unicode char U+041D (decimal 1053)
   defining Unicode char U+041E (decimal 1054)
   defining Unicode char U+041F (decimal 1055)
   defining Unicode char U+0420 (decimal 1056)
   defining Unicode char U+0421 (decimal 1057)
   defining Unicode char U+0422 (decimal 1058)
   defining Unicode char U+0423 (decimal 1059)
   defining Unicode char U+0424 (decimal 1060)
   defining Unicode char U+0425 (decimal 1061)
   defining Unicode char U+0426 (decimal 1062)
   defining Unicode char U+0427 (decimal 1063)
   defining Unicode char U+0428 (decimal 1064)
   defining Unicode char U+0429 (decimal 1065)
   defining Unicode char U+042A (decimal 1066)
   defining Unicode char U+042B (decimal 1067)
   defining Unicode char U+042C (decimal 1068)
   defining Unicode char U+042D (decimal 1069)
   defining Unicode char U+042E (decimal 1070)
   defining Unicode char U+042F (decimal 1071)
   defining Unicode char U+0430 (decimal 1072)
   defining Unicode char U+0431 (decimal 1073)
   defining Unicode char U+0432 (decimal 1074)
   defining Unicode char U+0433 (decimal 1075)
   defining Unicode char U+0434 (decimal 1076)
   defining Unicode char U+0435 (decimal 1077)
   defining Unicode char U+0436 (decimal 1078)
   defining Unicode char U+0437 (decimal 1079)
   defining Unicode char U+0438 (decimal 1080)
   defining Unicode char U+0439 (decimal 1081)
   defining Unicode char U+043A (decimal 1082)
   defining Unicode char U+043B (decimal 1083)
   defining Unicode char U+043C (decimal 1084)
   defining Unicode char U+043D (decimal 1085)
   defining Unicode char U+043E (decimal 1086)
   defining Unicode char U+043F (decimal 1087)
   defining Unicode char U+0440 (decimal 1088)
   defining Unicode char U+0441 (decimal 1089)
   defining Unicode char U+0442 (decimal 1090)
   defining Unicode char U+0443 (decimal 1091)
   defining Unicode char U+0444 (decimal 1092)
   defining Unicode char U+0445 (decimal 1093)
   defining Unicode char U+0446 (decimal 1094)
   defining Unicode char U+0447 (decimal 1095)
   defining Unicode char U+0448 (decimal 1096)
   defining Unicode char U+0449 (decimal 1097)
   defining Unicode char U+044A (decimal 1098)
   defining Unicode char U+044B (decimal 1099)
   defining Unicode char U+044C (decimal 1100)
   defining Unicode char U+044D (decimal 1101)
   defining Unicode char U+044E (decimal 1102)
   defining Unicode char U+044F (decimal 1103)
   defining Unicode char U+0450 (decimal 1104)
   defining Unicode char U+0451 (decimal 1105)
   defining Unicode char U+0452 (decimal 1106)
   defining Unicode char U+0453 (decimal 1107)
   defining Unicode char U+0454 (decimal 1108)
   defining Unicode char U+0455 (decimal 1109)
   defining Unicode char U+0456 (decimal 1110)
   defining Unicode char U+0457 (decimal 1111)
   defining Unicode char U+0458 (decimal 1112)
   defining Unicode char U+0459 (decimal 1113)
   defining Unicode char U+045A (decimal 1114)
   defining Unicode char U+045B (decimal 1115)
   defining Unicode char U+045C (decimal 1116)
   defining Unicode char U+045D (decimal 1117)
   defining Unicode char U+045E (decimal 1118)
   defining Unicode char U+045F (decimal 1119)
   defining Unicode char U+0490 (decimal 1168)
   defining Unicode char U+0491 (decimal 1169)
   defining Unicode char U+0492 (decimal 1170)
   defining Unicode char U+0493 (decimal 1171)
   defining Unicode char U+0496 (decimal 1174)
   defining Unicode char U+0497 (decimal 1175)
   defining Unicode char U+0498 (decimal 1176)
   defining Unicode char U+0499 (decimal 1177)
   defining Unicode char U+049A (decimal 1178)
   defining Unicode char U+049B (decimal 1179)
   defining Unicode char U+049C (decimal 1180)
   defining Unicode char U+049D (decimal 1181)
   defining Unicode char U+04A0 (decimal 1184)
   defining Unicode char U+04A1 (decimal 1185)
   defining Unicode char U+04A2 (decimal 1186)
   defining Unicode char U+04A3 (decimal 1187)
   defining Unicode char U+04A4 (decimal 1188)
   defining Unicode char U+04A5 (decimal 1189)
   defining Unicode char U+04AA (decimal 1194)
   defining Unicode char U+04AB (decimal 1195)
   defining Unicode char U+04AE (decimal 1198)
   defining Unicode char U+04AF (decimal 1199)
   defining Unicode char U+04B0 (decimal 1200)
   defining Unicode char U+04B1 (decimal 1201)
   defining Unicode char U+04B2 (decimal 1202)
   defining Unicode char U+04B3 (decimal 1203)
   defining Unicode char U+04B6 (decimal 1206)
   defining Unicode char U+04B7 (decimal 1207)
   defining Unicode char U+04B8 (decimal 1208)
   defining Unicode char U+04B9 (decimal 1209)
   defining Unicode char U+04BA (decimal 1210)
   defining Unicode char U+04BB (decimal 1211)
   defining Unicode char U+04C0 (decimal 1216)
   defining Unicode char U+04C1 (decimal 1217)
   defining Unicode char U+04C2 (decimal 1218)
   defining Unicode char U+04D0 (decimal 1232)
   defining Unicode char U+04D1 (decimal 1233)
   defining Unicode char U+04D2 (decimal 1234)
   defining Unicode char U+04D3 (decimal 1235)
   defining Unicode char U+04D4 (decimal 1236)
   defining Unicode char U+04D5 (decimal 1237)
   defining Unicode char U+04D6 (decimal 1238)
   defining Unicode char U+04D7 (decimal 1239)
   defining Unicode char U+04D8 (decimal 1240)
   defining Unicode char U+04D9 (decimal 1241)
   defining Unicode char U+04DA (decimal 1242)
   defining Unicode char U+04DB (decimal 1243)
   defining Unicode char U+04DC (decimal 1244)
   defining Unicode char U+04DD (decimal 1245)
   defining Unicode char U+04DE (decimal 1246)
   defining Unicode char U+04DF (decimal 1247)
   defining Unicode char U+04E2 (decimal 1250)
   defining Unicode char U+04E3 (decimal 1251)
   defining Unicode char U+04E4 (decimal 1252)
   defining Unicode char U+04E5 (decimal 1253)
   defining Unicode char U+04E6 (decimal 1254)
   defining Unicode char U+04E7 (decimal 1255)
   defining Unicode char U+04E8 (decimal 1256)
   defining Unicode char U+04E9 (decimal 1257)
   defining Unicode char U+04EC (decimal 1260)
   defining Unicode char U+04ED (decimal 1261)
   defining Unicode char U+04EE (decimal 1262)
   defining Unicode char U+04EF (decimal 1263)
   defining Unicode char U+04F0 (decimal 1264)
   defining Unicode char U+04F1 (decimal 1265)
   defining Unicode char U+04F2 (decimal 1266)
   defining Unicode char U+04F3 (decimal 1267)
   defining Unicode char U+04F4 (decimal 1268)
   defining Unicode char U+04F5 (decimal 1269)
   defining Unicode char U+04F8 (decimal 1272)
   defining Unicode char U+04F9 (decimal 1273)
   defining Unicode char U+200C (decimal 8204)
   defining Unicode char U+2013 (decimal 8211)
   defining Unicode char U+2014 (decimal 8212)
   defining Unicode char U+2018 (decimal 8216)
   defining Unicode char U+2019 (decimal 8217)
   defining Unicode char U+201C (decimal 8220)
   defining Unicode char U+201D (decimal 8221)
   defining Unicode char U+201E (decimal 8222)
   defining Unicode char U+2030 (decimal 8240)
   defining Unicode char U+2031 (decimal 8241)
   defining Unicode char U+2116 (decimal 8470)
   defining Unicode char U+2329 (decimal 9001)
   defining Unicode char U+3008 (decimal 12296)
   defining Unicode char U+232A (decimal 9002)
   defining Unicode char U+3009 (decimal 12297)
   defining Unicode char U+2423 (decimal 9251)
   defining Unicode char U+27E8 (decimal 10216)
   defining Unicode char U+27E9 (decimal 10217)
   defining Unicode char U+FB00 (decimal 64256)
   defining Unicode char U+FB01 (decimal 64257)
   defining Unicode char U+FB02 (decimal 64258)
   defining Unicode char U+FB03 (decimal 64259)
   defining Unicode char U+FB04 (decimal 64260)
   defining Unicode char U+FB05 (decimal 64261)
   defining Unicode char U+FB06 (decimal 64262)
))
LaTeX Font Info:    Trying to load font information for T2A+cmr on input line 1
16.

(/nix/store/sc5p4q3ajvk3586nnrj1iw87698zpgwl-texlive-2024-env-texmfdist/tex/lat
ex/cyrillic/t2acmr.fd
File: t2acmr.fd 2001/08/11 v1.0a Computer Modern Cyrillic font definitions
))
(/nix/store/sc5p4q3ajvk3586nnrj1iw87698zpgwl-texlive-2024-env-texmfdist/tex/gen
eric/babel/babel.sty
Package: babel 2024/10/20 v24.12 The multilingual framework for pdfLaTeX, LuaLa
TeX and XeLaTeX
\babel@savecnt=\count268
\U@D=\dimen142
\l@unhyphenated=\language89

(/nix/store/sc5p4q3ajvk3586nnrj1iw87698zpgwl-texlive-2024-env-texmfdist/tex/gen
eric/babel/txtbabel.def)
\bbl@readstream=\read2
\bbl@dirlevel=\count269

(/nix/store/sc5p4q3ajvk3586nnrj1iw87698zpgwl-texlive-2024-env-texmfdist/tex/gen
eric/babel-russian/russianb.ldf
File: russianb.ldf 2021/01/10 1.3m Russian support for the Babel system
Language: russian 2020/09/09 1.3k Russian support for the Babel system
Package babel Info: Making " an active character on input line 124.
Package babel Info: Default for \cyrdash is provided on input line 163.
))
(/nix/store/sc5p4q3ajvk3586nnrj1iw87698zpgwl-texlive-2024-env-texmfdist/tex/gen
eric/babel/locale/ru/babel-russian.tex
Package babel Info: Importing font and identification data for russian
(babel)             from babel-ru.ini. Reported on input line 11.
)
(/nix/store/sc5p4q3ajvk3586nnrj1iw87698zpgwl-texlive-2024-env-texmfdist/tex/lat
ex/lm/lmodern.sty
Package: lmodern 2015/05/01 v1.6.1 Latin Modern Fonts
LaTeX Font Info:    Overwriting symbol font `operators' in version `normal'
(Font)                  OT1/cmr/m/n --> OT1/lmr/m/n on input line 22.
LaTeX Font Info:    Overwriting symbol font `letters' in version `normal'
(Font)                  OML/cmm/m/it --> OML/lmm/m/it on input line 23.
LaTeX Font Info:    Overwriting symbol font `symbols' in version `normal'
(Font)                  OMS/cmsy/m/n --> OMS/lmsy/m/n on input line 24.
LaTeX Font Info:    Overwriting symbol font `largesymbols' in version `normal'
(Font)                  OMX/cmex/m/n --> OMX/lmex/m/n on input line 25.
LaTeX Font Info:    Overwriting symbol font `operators' in version `bold'
(Font)                  OT1/cmr/bx/n --> OT1/lmr/bx/n on input line 26.
LaTeX Font Info:    Overwriting symbol font `letters' in version `bold'
(Font)                  OML/cmm/b/it --> OML/lmm/b/it on input line 27.
LaTeX Font Info:    Overwriting symbol font `symbols' in version `bold'
(Font)                  OMS/cmsy/b/n --> OMS/lmsy/b/n on input line 28.
LaTeX Font Info:    Overwriting symbol font `largesymbols' in version `bold'
(Font)                  OMX/cmex/m/n --> OMX/lmex/m/n on input line 29.
LaTeX Font Info:    Overwriting math alphabet `\mathbf' in version `normal'
(Font)                  OT1/cmr/bx/n --> OT1/lmr/bx/n on input line 31.
LaTeX Font Info:    Overwriting math alphabet `\mathsf' in version `normal'
(Font)                  OT1/cmss/m/n --> OT1/lmss/m/n on input line 32.
LaTeX Font Info:    Overwriting math alphabet `\mathit' in version `normal'
(Font)                  OT1/cmr/m/it --> OT1/lmr/m/it on input line 33.
LaTeX Font Info:    Overwriting math alphabet `\mathtt' in version `normal'
(Font)                  OT1/cmtt/m/n --> OT1/lmtt/m/n on input line 34.
LaTeX Font Info:    Overwriting math alphabet `\mathbf' in version `bold'
(Font)                  OT1/cmr/bx/n --> OT1/lmr/bx/n on input line 35.
LaTeX Font Info:    Overwriting math alphabet `\mathsf' in version `bold'
(Font)                  OT1/cmss/bx/n --> OT1/lmss/bx/n on input line 36.
LaTeX Font Info:    Overwriting math alphabet `\mathit' in version `bold'
(Font)                  OT1/cmr/bx/it --> OT1/lmr/bx/it on input line 37.
LaTeX Font Info:    Overwriting math alphabet `\mathtt' in version `bold'
(Font)                  OT1/cmtt/m/n --> OT1/lmtt/m/n on input line 38.
)
(/nix/store/sc5p4q3ajvk3586nnrj1iw87698zpgwl-texlive-2024-env-texmfdist/tex/lat
ex/t2/mathtext.sty
Package: mathtext 2018/04/14 v1.0 transparent text-and-math defs
LaTeX Info: Redefining \halign on input line 121.
)
(/nix/store/sc5p4q3ajvk3586nnrj1iw87698zpgwl-texlive-2024-env-texmfdist/tex/lat
ex/microtype/microtype.sty
Package: microtype 2024/03/29 v3.1b Micro-typographical refinements (RS)

(/nix/store/sc5p4q3ajvk3586nnrj1iw87698zpgwl-texlive-2024-env-texmfdist/tex/lat
ex/graphics/keyval.sty
Package: keyval 2022/05/29 v1.15 key=value parser (DPC)
\KV@toks@=\toks19
)
(/nix/store/sc5p4q3ajvk3586nnrj1iw87698zpgwl-texlive-2024-env-texmfdist/tex/lat
ex/etoolbox/etoolbox.sty
Package: etoolbox 2020/10/05 v2.5k e-TeX tools for LaTeX (JAW)
\etb@tempcnta=\count270
)
\MT@toks=\toks20
\MT@tempbox=\box52
\MT@count=\count271
LaTeX Info: Redefining \noprotrusionifhmode on input line 1061.
LaTeX Info: Redefining \leftprotrusion on input line 1062.
\MT@prot@toks=\toks21
LaTeX Info: Redefining \rightprotrusion on input line 1081.
LaTeX Info: Redefining \textls on input line 1392.
\MT@outer@kern=\dimen143
LaTeX Info: Redefining \textmicrotypecontext on input line 2013.
\MT@listname@count=\count272

(/nix/store/sc5p4q3ajvk3586nnrj1iw87698zpgwl-texlive-2024-env-texmfdist/tex/lat
ex/microtype/microtype-pdftex.def
File: microtype-pdftex.def 2024/03/29 v3.1b Definitions specific to pdftex (RS)

LaTeX Info: Redefining \lsstyle on input line 902.
LaTeX Info: Redefining \lslig on input line 902.
\MT@outer@space=\skip51
)
Package microtype Info: Loading configuration file microtype.cfg.

(/nix/store/sc5p4q3ajvk3586nnrj1iw87698zpgwl-texlive-2024-env-texmfdist/tex/lat
ex/microtype/microtype.cfg
File: microtype.cfg 2024/03/29 v3.1b microtype main configuration file (RS)
))
(/nix/store/sc5p4q3ajvk3586nnrj1iw87698zpgwl-texlive-2024-env-texmfdist/tex/lat
ex/amsmath/amsmath.sty
Package: amsmath 2024/05/23 v2.17q AMS math features
\@mathmargin=\skip52

For additional information on amsmath, use the `?' option.

(/nix/store/sc5p4q3ajvk3586nnrj1iw87698zpgwl-texlive-2024-env-texmfdist/tex/lat
ex/amsmath/amstext.sty
Package: amstext 2021/08/26 v2.01 AMS text

(/nix/store/sc5p4q3ajvk3586nnrj1iw87698zpgwl-texlive-2024-env-texmfdist/tex/lat
ex/amsmath/amsgen.sty
File: amsgen.sty 1999/11/30 v2.0 generic functions
\@emptytoks=\toks22
\ex@=\dimen144
))
(/nix/store/sc5p4q3ajvk3586nnrj1iw87698zpgwl-texlive-2024-env-texmfdist/tex/lat
ex/amsmath/amsbsy.sty
Package: amsbsy 1999/11/29 v1.2d Bold Symbols
\pmbraise@=\dimen145
)
(/nix/store/sc5p4q3ajvk3586nnrj1iw87698zpgwl-texlive-2024-env-texmfdist/tex/lat
ex/amsmath/amsopn.sty
Package: amsopn 2022/04/08 v2.04 operator names
)
\inf@bad=\count273
LaTeX Info: Redefining \frac on input line 233.
\uproot@=\count274
\leftroot@=\count275
LaTeX Info: Redefining \overline on input line 398.
LaTeX Info: Redefining \colon on input line 409.
\classnum@=\count276
\DOTSCASE@=\count277
LaTeX Info: Redefining \ldots on input line 495.
LaTeX Info: Redefining \dots on input line 498.
LaTeX Info: Redefining \cdots on input line 619.
\Mathstrutbox@=\box53
\strutbox@=\box54
LaTeX Info: Redefining \big on input line 721.
LaTeX Info: Redefining \Big on input line 722.
LaTeX Info: Redefining \bigg on input line 723.
LaTeX Info: Redefining \Bigg on input line 724.
\big@size=\dimen146
LaTeX Font Info:    Redeclaring font encoding OML on input line 742.
\symOMLletters=\mathgroup4
LaTeX Font Info:    Redeclaring font encoding OMS on input line 743.
\symOMSletters=\mathgroup5
\macc@depth=\count278
LaTeX Info: Redefining \bmod on input line 904.
LaTeX Info: Redefining \pmod on input line 909.
LaTeX Info: Redefining \smash on input line 939.
LaTeX Info: Redefining \relbar on input line 969.
LaTeX Info: Redefining \Relbar on input line 970.
\c@MaxMatrixCols=\count279
\dotsspace@=\muskip17
\c@parentequation=\count280
\dspbrk@lvl=\count281
\tag@help=\toks23
\row@=\count282
\column@=\count283
\maxfields@=\count284
\andhelp@=\toks24
\eqnshift@=\dimen147
\alignsep@=\dimen148
\tagshift@=\dimen149
\tagwidth@=\dimen150
\totwidth@=\dimen151
\lineht@=\dimen152
\@envbody=\toks25
\multlinegap=\skip53
\multlinetaggap=\skip54
\mathdisplay@stack=\toks26
LaTeX Info: Redefining \[ on input line 2953.
LaTeX Info: Redefining \] on input line 2954.
)
(/nix/store/sc5p4q3ajvk3586nnrj1iw87698zpgwl-texlive-2024-env-texmfdist/tex/lat
ex/amsfonts/amssymb.sty
Package: amssymb 2013/01/14 v3.01 AMS font symbols

(/nix/store/sc5p4q3ajvk3586nnrj1iw87698zpgwl-texlive-2024-env-texmfdist/tex/lat
ex/amsfonts/amsfonts.sty
Package: amsfonts 2013/01/14 v3.01 Basic AMSFonts support
\symAMSa=\mathgroup6
\symAMSb=\mathgroup7
LaTeX Font Info:    Redeclaring math symbol \hbar on input line 98.
LaTeX Font Info:    Overwriting math alphabet `\mathfrak' in version `bold'
(Font)                  U/euf/m/n --> U/euf/b/n on input line 106.
))
(/nix/store/sc5p4q3ajvk3586nnrj1iw87698zpgwl-texlive-2024-env-texmfdist/tex/lat
ex/graphics/graphicx.sty
Package: graphicx 2021/09/16 v1.2d Enhanced LaTeX Graphics (DPC,SPQR)

(/nix/store/sc5p4q3ajvk3586nnrj1iw87698zpgwl-texlive-2024-env-texmfdist/tex/lat
ex/graphics/graphics.sty
Package: graphics 2024/05/23 v1.4g Standard LaTeX Graphics (DPC,SPQR)

(/nix/store/sc5p4q3ajvk3586nnrj1iw87698zpgwl-texlive-2024-env-texmfdist/tex/lat
ex/graphics/trig.sty
Package: trig 2023/12/02 v1.11 sin cos tan (DPC)
)
(/nix/store/sc5p4q3ajvk3586nnrj1iw87698zpgwl-texlive-2024-env-texmfdist/tex/lat
ex/graphics-cfg/graphics.cfg
File: graphics.cfg 2016/06/04 v1.11 sample graphics configuration
)
Package graphics Info: Driver file: pdftex.def on input line 106.

(/nix/store/sc5p4q3ajvk3586nnrj1iw87698zpgwl-texlive-2024-env-texmfdist/tex/lat
ex/graphics-def/pdftex.def
File: pdftex.def 2024/04/13 v1.2c Graphics/color driver for pdftex
))
\Gin@req@height=\dimen153
\Gin@req@width=\dimen154
)
(/nix/store/sc5p4q3ajvk3586nnrj1iw87698zpgwl-texlive-2024-env-texmfdist/tex/lat
ex/booktabs/booktabs.sty
Package: booktabs 2020/01/12 v1.61803398 Publication quality tables
\heavyrulewidth=\dimen155
\lightrulewidth=\dimen156
\cmidrulewidth=\dimen157
\belowrulesep=\dimen158
\belowbottomsep=\dimen159
\aboverulesep=\dimen160
\abovetopsep=\dimen161
\cmidrulesep=\dimen162
\cmidrulekern=\dimen163
\defaultaddspace=\dimen164
\@cmidla=\count285
\@cmidlb=\count286
\@aboverulesep=\dimen165
\@belowrulesep=\dimen166
\@thisruleclass=\count287
\@lastruleclass=\count288
\@thisrulewidth=\dimen167
)
(/nix/store/sc5p4q3ajvk3586nnrj1iw87698zpgwl-texlive-2024-env-texmfdist/tex/lat
ex/xcolor/xcolor.sty
Package: xcolor 2024/09/29 v3.02 LaTeX color extensions (UK)

(/nix/store/sc5p4q3ajvk3586nnrj1iw87698zpgwl-texlive-2024-env-texmfdist/tex/lat
ex/graphics-cfg/color.cfg
File: color.cfg 2016/01/02 v1.6 sample color configuration
)
Package xcolor Info: Driver file: pdftex.def on input line 274.

(/nix/store/sc5p4q3ajvk3586nnrj1iw87698zpgwl-texlive-2024-env-texmfdist/tex/lat
ex/graphics/mathcolor.ltx)
Package xcolor Info: Model `cmy' substituted by `cmy0' on input line 1349.
Package xcolor Info: Model `hsb' substituted by `rgb' on input line 1353.
Package xcolor Info: Model `RGB' extended on input line 1365.
Package xcolor Info: Model `HTML' substituted by `rgb' on input line 1367.
Package xcolor Info: Model `Hsb' substituted by `hsb' on input line 1368.
Package xcolor Info: Model `tHsb' substituted by `hsb' on input line 1369.
Package xcolor Info: Model `HSB' substituted by `hsb' on input line 1370.
Package xcolor Info: Model `Gray' substituted by `gray' on input line 1371.
Package xcolor Info: Model `wave' substituted by `hsb' on input line 1372.
)
(/nix/store/sc5p4q3ajvk3586nnrj1iw87698zpgwl-texlive-2024-env-texmfdist/tex/lat
ex/hyperref/hyperref.sty
Package: hyperref 2024-07-10 v7.01j Hypertext links for LaTeX

(/nix/store/sc5p4q3ajvk3586nnrj1iw87698zpgwl-texlive-2024-env-texmfdist/tex/gen
eric/iftex/iftex.sty
Package: iftex 2022/02/03 v1.0f TeX engine tests
)
(/nix/store/sc5p4q3ajvk3586nnrj1iw87698zpgwl-texlive-2024-env-texmfdist/tex/lat
ex/kvsetkeys/kvsetkeys.sty
Package: kvsetkeys 2022-10-05 v1.19 Key value parser (HO)
)
(/nix/store/sc5p4q3ajvk3586nnrj1iw87698zpgwl-texlive-2024-env-texmfdist/tex/gen
eric/kvdefinekeys/kvdefinekeys.sty
Package: kvdefinekeys 2019-12-19 v1.6 Define keys (HO)
)
(/nix/store/sc5p4q3ajvk3586nnrj1iw87698zpgwl-texlive-2024-env-texmfdist/tex/gen
eric/pdfescape/pdfescape.sty
Package: pdfescape 2019/12/09 v1.15 Implements pdfTeX's escape features (HO)

(/nix/store/sc5p4q3ajvk3586nnrj1iw87698zpgwl-texlive-2024-env-texmfdist/tex/gen
eric/ltxcmds/ltxcmds.sty
Package: ltxcmds 2023-12-04 v1.26 LaTeX kernel commands for general use (HO)
)
(/nix/store/sc5p4q3ajvk3586nnrj1iw87698zpgwl-texlive-2024-env-texmfdist/tex/gen
eric/pdftexcmds/pdftexcmds.sty
Package: pdftexcmds 2020-06-27 v0.33 Utility functions of pdfTeX for LuaTeX (HO
)

(/nix/store/sc5p4q3ajvk3586nnrj1iw87698zpgwl-texlive-2024-env-texmfdist/tex/gen
eric/infwarerr/infwarerr.sty
Package: infwarerr 2019/12/03 v1.5 Providing info/warning/error messages (HO)
)
Package pdftexcmds Info: \pdf@primitive is available.
Package pdftexcmds Info: \pdf@ifprimitive is available.
Package pdftexcmds Info: \pdfdraftmode found.
))
(/nix/store/sc5p4q3ajvk3586nnrj1iw87698zpgwl-texlive-2024-env-texmfdist/tex/lat
ex/hycolor/hycolor.sty
Package: hycolor 2020-01-27 v1.10 Color options for hyperref/bookmark (HO)
)
(/nix/store/sc5p4q3ajvk3586nnrj1iw87698zpgwl-texlive-2024-env-texmfdist/tex/lat
ex/hyperref/nameref.sty
Package: nameref 2023-11-26 v2.56 Cross-referencing by name of section

(/nix/store/sc5p4q3ajvk3586nnrj1iw87698zpgwl-texlive-2024-env-texmfdist/tex/lat
ex/refcount/refcount.sty
Package: refcount 2019/12/15 v3.6 Data extraction from label references (HO)
)
(/nix/store/sc5p4q3ajvk3586nnrj1iw87698zpgwl-texlive-2024-env-texmfdist/tex/gen
eric/gettitlestring/gettitlestring.sty
Package: gettitlestring 2019/12/15 v1.6 Cleanup title references (HO)

(/nix/store/sc5p4q3ajvk3586nnrj1iw87698zpgwl-texlive-2024-env-texmfdist/tex/lat
ex/kvoptions/kvoptions.sty
Package: kvoptions 2022-06-15 v3.15 Key value format for package options (HO)
))
\c@section@level=\count289
)
(/nix/store/sc5p4q3ajvk3586nnrj1iw87698zpgwl-texlive-2024-env-texmfdist/tex/gen
eric/stringenc/stringenc.sty
Package: stringenc 2019/11/29 v1.12 Convert strings between diff. encodings (HO
)
)
\@linkdim=\dimen168
\Hy@linkcounter=\count290
\Hy@pagecounter=\count291

(/nix/store/sc5p4q3ajvk3586nnrj1iw87698zpgwl-texlive-2024-env-texmfdist/tex/lat
ex/hyperref/pd1enc.def
File: pd1enc.def 2024-07-10 v7.01j Hyperref: PDFDocEncoding definition (HO)
Now handling font encoding PD1 ...
... no UTF-8 mapping file for font encoding PD1
\symPD1letters=\mathgroup8
)
(/nix/store/sc5p4q3ajvk3586nnrj1iw87698zpgwl-texlive-2024-env-texmfdist/tex/gen
eric/intcalc/intcalc.sty
Package: intcalc 2019/12/15 v1.3 Expandable calculations with integers (HO)
)
\Hy@SavedSpaceFactor=\count292

(/nix/store/sc5p4q3ajvk3586nnrj1iw87698zpgwl-texlive-2024-env-texmfdist/tex/lat
ex/hyperref/puenc.def
File: puenc.def 2024-07-10 v7.01j Hyperref: PDF Unicode definition (HO)
Now handling font encoding PU ...
... no UTF-8 mapping file for font encoding PU
\symPUletters=\mathgroup9
)
Package hyperref Info: Option `unicode' set `true' on input line 3143.
Package hyperref Info: Hyper figures OFF on input line 4157.
Package hyperref Info: Link nesting OFF on input line 4162.
Package hyperref Info: Hyper index ON on input line 4165.
Package hyperref Info: Plain pages OFF on input line 4172.
Package hyperref Info: Backreferencing OFF on input line 4177.
Package hyperref Info: Implicit mode ON; LaTeX internals redefined.
Package hyperref Info: Bookmarks ON on input line 4424.
\c@Hy@tempcnt=\count293

(/nix/store/sc5p4q3ajvk3586nnrj1iw87698zpgwl-texlive-2024-env-texmfdist/tex/lat
ex/url/url.sty
\Urlmuskip=\muskip18
Package: url 2013/09/16  ver 3.4  Verb mode for urls, etc.
)
LaTeX Info: Redefining \url on input line 4763.
\XeTeXLinkMargin=\dimen169

(/nix/store/sc5p4q3ajvk3586nnrj1iw87698zpgwl-texlive-2024-env-texmfdist/tex/gen
eric/bitset/bitset.sty
Package: bitset 2019/12/09 v1.3 Handle bit-vector datatype (HO)

(/nix/store/sc5p4q3ajvk3586nnrj1iw87698zpgwl-texlive-2024-env-texmfdist/tex/gen
eric/bigintcalc/bigintcalc.sty
Package: bigintcalc 2019/12/15 v1.5 Expandable calculations on big integers (HO
)
))
\Fld@menulength=\count294
\Field@Width=\dimen170
\Fld@charsize=\dimen171
Package hyperref Info: Hyper figures OFF on input line 6042.
Package hyperref Info: Link nesting OFF on input line 6047.
Package hyperref Info: Hyper index ON on input line 6050.
Package hyperref Info: backreferencing OFF on input line 6057.
Package hyperref Info: Link coloring OFF on input line 6062.
Package hyperref Info: Link coloring with OCG OFF on input line 6067.
Package hyperref Info: PDF/A mode OFF on input line 6072.

(/nix/store/sc5p4q3ajvk3586nnrj1iw87698zpgwl-texlive-2024-env-texmfdist/tex/lat
ex/base/atbegshi-ltx.sty
Package: atbegshi-ltx 2021/01/10 v1.0c Emulation of the original atbegshi
package with kernel methods
)
\Hy@abspage=\count295
\c@Item=\count296
\c@Hfootnote=\count297
)
Package hyperref Info: Driver (autodetected): hpdftex.

(/nix/store/sc5p4q3ajvk3586nnrj1iw87698zpgwl-texlive-2024-env-texmfdist/tex/lat
ex/hyperref/hpdftex.def
File: hpdftex.def 2024-07-10 v7.01j Hyperref driver for pdfTeX

(/nix/store/sc5p4q3ajvk3586nnrj1iw87698zpgwl-texlive-2024-env-texmfdist/tex/lat
ex/base/atveryend-ltx.sty
Package: atveryend-ltx 2020/08/19 v1.0a Emulation of the original atveryend pac
kage
with kernel methods
)
\Fld@listcount=\count298
\c@bookmark@seq@number=\count299

(/nix/store/sc5p4q3ajvk3586nnrj1iw87698zpgwl-texlive-2024-env-texmfdist/tex/lat
ex/rerunfilecheck/rerunfilecheck.sty
Package: rerunfilecheck 2022-07-10 v1.10 Rerun checks for auxiliary files (HO)

(/nix/store/sc5p4q3ajvk3586nnrj1iw87698zpgwl-texlive-2024-env-texmfdist/tex/gen
eric/uniquecounter/uniquecounter.sty
Package: uniquecounter 2019/12/15 v1.4 Provide unlimited unique counter (HO)
)
Package uniquecounter Info: New unique counter `rerunfilecheck' on input line 2
85.
)
\Hy@SectionHShift=\skip55
)
(/nix/store/sc5p4q3ajvk3586nnrj1iw87698zpgwl-texlive-2024-env-texmfdist/tex/lat
ex/pgf/frontendlayer/tikz.sty
(/nix/store/sc5p4q3ajvk3586nnrj1iw87698zpgwl-texlive-2024-env-texmfdist/tex/lat
ex/pgf/basiclayer/pgf.sty
(/nix/store/sc5p4q3ajvk3586nnrj1iw87698zpgwl-texlive-2024-env-texmfdist/tex/lat
ex/pgf/utilities/pgfrcs.sty
(/nix/store/sc5p4q3ajvk3586nnrj1iw87698zpgwl-texlive-2024-env-texmfdist/tex/gen
eric/pgf/utilities/pgfutil-common.tex
\pgfutil@everybye=\toks27
\pgfutil@tempdima=\dimen172
\pgfutil@tempdimb=\dimen173
)
(/nix/store/sc5p4q3ajvk3586nnrj1iw87698zpgwl-texlive-2024-env-texmfdist/tex/gen
eric/pgf/utilities/pgfutil-latex.def
\pgfutil@abb=\box55
)
(/nix/store/sc5p4q3ajvk3586nnrj1iw87698zpgwl-texlive-2024-env-texmfdist/tex/gen
eric/pgf/utilities/pgfrcs.code.tex
(/nix/store/sc5p4q3ajvk3586nnrj1iw87698zpgwl-texlive-2024-env-texmfdist/tex/gen
eric/pgf/pgf.revision.tex)
Package: pgfrcs 2023-01-15 v3.1.10 (3.1.10)
))
Package: pgf 2023-01-15 v3.1.10 (3.1.10)

(/nix/store/sc5p4q3ajvk3586nnrj1iw87698zpgwl-texlive-2024-env-texmfdist/tex/lat
ex/pgf/basiclayer/pgfcore.sty
(/nix/store/sc5p4q3ajvk3586nnrj1iw87698zpgwl-texlive-2024-env-texmfdist/tex/lat
ex/pgf/systemlayer/pgfsys.sty
(/nix/store/sc5p4q3ajvk3586nnrj1iw87698zpgwl-texlive-2024-env-texmfdist/tex/gen
eric/pgf/systemlayer/pgfsys.code.tex
Package: pgfsys 2023-01-15 v3.1.10 (3.1.10)

(/nix/store/sc5p4q3ajvk3586nnrj1iw87698zpgwl-texlive-2024-env-texmfdist/tex/gen
eric/pgf/utilities/pgfkeys.code.tex
\pgfkeys@pathtoks=\toks28
\pgfkeys@temptoks=\toks29

(/nix/store/sc5p4q3ajvk3586nnrj1iw87698zpgwl-texlive-2024-env-texmfdist/tex/gen
eric/pgf/utilities/pgfkeyslibraryfiltered.code.tex
\pgfkeys@tmptoks=\toks30
))
\pgf@x=\dimen174
\pgf@y=\dimen175
\pgf@xa=\dimen176
\pgf@ya=\dimen177
\pgf@xb=\dimen178
\pgf@yb=\dimen179
\pgf@xc=\dimen180
\pgf@yc=\dimen181
\pgf@xd=\dimen182
\pgf@yd=\dimen183
\w@pgf@writea=\write3
\r@pgf@reada=\read3
\c@pgf@counta=\count300
\c@pgf@countb=\count301
\c@pgf@countc=\count302
\c@pgf@countd=\count303
\t@pgf@toka=\toks31
\t@pgf@tokb=\toks32
\t@pgf@tokc=\toks33
\pgf@sys@id@count=\count304

(/nix/store/sc5p4q3ajvk3586nnrj1iw87698zpgwl-texlive-2024-env-texmfdist/tex/gen
eric/pgf/systemlayer/pgf.cfg
File: pgf.cfg 2023-01-15 v3.1.10 (3.1.10)
)
Driver file for pgf: pgfsys-pdftex.def

(/nix/store/sc5p4q3ajvk3586nnrj1iw87698zpgwl-texlive-2024-env-texmfdist/tex/gen
eric/pgf/systemlayer/pgfsys-pdftex.def
File: pgfsys-pdftex.def 2023-01-15 v3.1.10 (3.1.10)

(/nix/store/sc5p4q3ajvk3586nnrj1iw87698zpgwl-texlive-2024-env-texmfdist/tex/gen
eric/pgf/systemlayer/pgfsys-common-pdf.def
File: pgfsys-common-pdf.def 2023-01-15 v3.1.10 (3.1.10)
)))
(/nix/store/sc5p4q3ajvk3586nnrj1iw87698zpgwl-texlive-2024-env-texmfdist/tex/gen
eric/pgf/systemlayer/pgfsyssoftpath.code.tex
File: pgfsyssoftpath.code.tex 2023-01-15 v3.1.10 (3.1.10)
\pgfsyssoftpath@smallbuffer@items=\count305
\pgfsyssoftpath@bigbuffer@items=\count306
)
(/nix/store/sc5p4q3ajvk3586nnrj1iw87698zpgwl-texlive-2024-env-texmfdist/tex/gen
eric/pgf/systemlayer/pgfsysprotocol.code.tex
File: pgfsysprotocol.code.tex 2023-01-15 v3.1.10 (3.1.10)
))
(/nix/store/sc5p4q3ajvk3586nnrj1iw87698zpgwl-texlive-2024-env-texmfdist/tex/gen
eric/pgf/basiclayer/pgfcore.code.tex
Package: pgfcore 2023-01-15 v3.1.10 (3.1.10)

(/nix/store/sc5p4q3ajvk3586nnrj1iw87698zpgwl-texlive-2024-env-texmfdist/tex/gen
eric/pgf/math/pgfmath.code.tex
(/nix/store/sc5p4q3ajvk3586nnrj1iw87698zpgwl-texlive-2024-env-texmfdist/tex/gen
eric/pgf/math/pgfmathutil.code.tex)
(/nix/store/sc5p4q3ajvk3586nnrj1iw87698zpgwl-texlive-2024-env-texmfdist/tex/gen
eric/pgf/math/pgfmathparser.code.tex
\pgfmath@dimen=\dimen184
\pgfmath@count=\count307
\pgfmath@box=\box56
\pgfmath@toks=\toks34
\pgfmath@stack@operand=\toks35
\pgfmath@stack@operation=\toks36
)
(/nix/store/sc5p4q3ajvk3586nnrj1iw87698zpgwl-texlive-2024-env-texmfdist/tex/gen
eric/pgf/math/pgfmathfunctions.code.tex)
(/nix/store/sc5p4q3ajvk3586nnrj1iw87698zpgwl-texlive-2024-env-texmfdist/tex/gen
eric/pgf/math/pgfmathfunctions.basic.code.tex)
(/nix/store/sc5p4q3ajvk3586nnrj1iw87698zpgwl-texlive-2024-env-texmfdist/tex/gen
eric/pgf/math/pgfmathfunctions.trigonometric.code.tex)
(/nix/store/sc5p4q3ajvk3586nnrj1iw87698zpgwl-texlive-2024-env-texmfdist/tex/gen
eric/pgf/math/pgfmathfunctions.random.code.tex)
(/nix/store/sc5p4q3ajvk3586nnrj1iw87698zpgwl-texlive-2024-env-texmfdist/tex/gen
eric/pgf/math/pgfmathfunctions.comparison.code.tex)
(/nix/store/sc5p4q3ajvk3586nnrj1iw87698zpgwl-texlive-2024-env-texmfdist/tex/gen
eric/pgf/math/pgfmathfunctions.base.code.tex)
(/nix/store/sc5p4q3ajvk3586nnrj1iw87698zpgwl-texlive-2024-env-texmfdist/tex/gen
eric/pgf/math/pgfmathfunctions.round.code.tex)
(/nix/store/sc5p4q3ajvk3586nnrj1iw87698zpgwl-texlive-2024-env-texmfdist/tex/gen
eric/pgf/math/pgfmathfunctions.misc.code.tex)
(/nix/store/sc5p4q3ajvk3586nnrj1iw87698zpgwl-texlive-2024-env-texmfdist/tex/gen
eric/pgf/math/pgfmathfunctions.integerarithmetics.code.tex)
(/nix/store/sc5p4q3ajvk3586nnrj1iw87698zpgwl-texlive-2024-env-texmfdist/tex/gen
eric/pgf/math/pgfmathcalc.code.tex)
(/nix/store/sc5p4q3ajvk3586nnrj1iw87698zpgwl-texlive-2024-env-texmfdist/tex/gen
eric/pgf/math/pgfmathfloat.code.tex
\c@pgfmathroundto@lastzeros=\count308
))
(/nix/store/sc5p4q3ajvk3586nnrj1iw87698zpgwl-texlive-2024-env-texmfdist/tex/gen
eric/pgf/math/pgfint.code.tex)
(/nix/store/sc5p4q3ajvk3586nnrj1iw87698zpgwl-texlive-2024-env-texmfdist/tex/gen
eric/pgf/basiclayer/pgfcorepoints.code.tex
File: pgfcorepoints.code.tex 2023-01-15 v3.1.10 (3.1.10)
\pgf@picminx=\dimen185
\pgf@picmaxx=\dimen186
\pgf@picminy=\dimen187
\pgf@picmaxy=\dimen188
\pgf@pathminx=\dimen189
\pgf@pathmaxx=\dimen190
\pgf@pathminy=\dimen191
\pgf@pathmaxy=\dimen192
\pgf@xx=\dimen193
\pgf@xy=\dimen194
\pgf@yx=\dimen195
\pgf@yy=\dimen196
\pgf@zx=\dimen197
\pgf@zy=\dimen198
)
(/nix/store/sc5p4q3ajvk3586nnrj1iw87698zpgwl-texlive-2024-env-texmfdist/tex/gen
eric/pgf/basiclayer/pgfcorepathconstruct.code.tex
File: pgfcorepathconstruct.code.tex 2023-01-15 v3.1.10 (3.1.10)
\pgf@path@lastx=\dimen199
\pgf@path@lasty=\dimen256
)
(/nix/store/sc5p4q3ajvk3586nnrj1iw87698zpgwl-texlive-2024-env-texmfdist/tex/gen
eric/pgf/basiclayer/pgfcorepathusage.code.tex
File: pgfcorepathusage.code.tex 2023-01-15 v3.1.10 (3.1.10)
\pgf@shorten@end@additional=\dimen257
\pgf@shorten@start@additional=\dimen258
)
(/nix/store/sc5p4q3ajvk3586nnrj1iw87698zpgwl-texlive-2024-env-texmfdist/tex/gen
eric/pgf/basiclayer/pgfcorescopes.code.tex
File: pgfcorescopes.code.tex 2023-01-15 v3.1.10 (3.1.10)
\pgfpic=\box57
\pgf@hbox=\box58
\pgf@layerbox@main=\box59
\pgf@picture@serial@count=\count309
)
(/nix/store/sc5p4q3ajvk3586nnrj1iw87698zpgwl-texlive-2024-env-texmfdist/tex/gen
eric/pgf/basiclayer/pgfcoregraphicstate.code.tex
File: pgfcoregraphicstate.code.tex 2023-01-15 v3.1.10 (3.1.10)
\pgflinewidth=\dimen259
)
(/nix/store/sc5p4q3ajvk3586nnrj1iw87698zpgwl-texlive-2024-env-texmfdist/tex/gen
eric/pgf/basiclayer/pgfcoretransformations.code.tex
File: pgfcoretransformations.code.tex 2023-01-15 v3.1.10 (3.1.10)
\pgf@pt@x=\dimen260
\pgf@pt@y=\dimen261
\pgf@pt@temp=\dimen262
)
(/nix/store/sc5p4q3ajvk3586nnrj1iw87698zpgwl-texlive-2024-env-texmfdist/tex/gen
eric/pgf/basiclayer/pgfcorequick.code.tex
File: pgfcorequick.code.tex 2023-01-15 v3.1.10 (3.1.10)
)
(/nix/store/sc5p4q3ajvk3586nnrj1iw87698zpgwl-texlive-2024-env-texmfdist/tex/gen
eric/pgf/basiclayer/pgfcoreobjects.code.tex
File: pgfcoreobjects.code.tex 2023-01-15 v3.1.10 (3.1.10)
)
(/nix/store/sc5p4q3ajvk3586nnrj1iw87698zpgwl-texlive-2024-env-texmfdist/tex/gen
eric/pgf/basiclayer/pgfcorepathprocessing.code.tex
File: pgfcorepathprocessing.code.tex 2023-01-15 v3.1.10 (3.1.10)
)
(/nix/store/sc5p4q3ajvk3586nnrj1iw87698zpgwl-texlive-2024-env-texmfdist/tex/gen
eric/pgf/basiclayer/pgfcorearrows.code.tex
File: pgfcorearrows.code.tex 2023-01-15 v3.1.10 (3.1.10)
\pgfarrowsep=\dimen263
)
(/nix/store/sc5p4q3ajvk3586nnrj1iw87698zpgwl-texlive-2024-env-texmfdist/tex/gen
eric/pgf/basiclayer/pgfcoreshade.code.tex
File: pgfcoreshade.code.tex 2023-01-15 v3.1.10 (3.1.10)
\pgf@max=\dimen264
\pgf@sys@shading@range@num=\count310
\pgf@shadingcount=\count311
)
(/nix/store/sc5p4q3ajvk3586nnrj1iw87698zpgwl-texlive-2024-env-texmfdist/tex/gen
eric/pgf/basiclayer/pgfcoreimage.code.tex
File: pgfcoreimage.code.tex 2023-01-15 v3.1.10 (3.1.10)
)
(/nix/store/sc5p4q3ajvk3586nnrj1iw87698zpgwl-texlive-2024-env-texmfdist/tex/gen
eric/pgf/basiclayer/pgfcoreexternal.code.tex
File: pgfcoreexternal.code.tex 2023-01-15 v3.1.10 (3.1.10)
\pgfexternal@startupbox=\box60
)
(/nix/store/sc5p4q3ajvk3586nnrj1iw87698zpgwl-texlive-2024-env-texmfdist/tex/gen
eric/pgf/basiclayer/pgfcorelayers.code.tex
File: pgfcorelayers.code.tex 2023-01-15 v3.1.10 (3.1.10)
)
(/nix/store/sc5p4q3ajvk3586nnrj1iw87698zpgwl-texlive-2024-env-texmfdist/tex/gen
eric/pgf/basiclayer/pgfcoretransparency.code.tex
File: pgfcoretransparency.code.tex 2023-01-15 v3.1.10 (3.1.10)
)
(/nix/store/sc5p4q3ajvk3586nnrj1iw87698zpgwl-texlive-2024-env-texmfdist/tex/gen
eric/pgf/basiclayer/pgfcorepatterns.code.tex
File: pgfcorepatterns.code.tex 2023-01-15 v3.1.10 (3.1.10)
)
(/nix/store/sc5p4q3ajvk3586nnrj1iw87698zpgwl-texlive-2024-env-texmfdist/tex/gen
eric/pgf/basiclayer/pgfcorerdf.code.tex
File: pgfcorerdf.code.tex 2023-01-15 v3.1.10 (3.1.10)
)))
(/nix/store/sc5p4q3ajvk3586nnrj1iw87698zpgwl-texlive-2024-env-texmfdist/tex/gen
eric/pgf/modules/pgfmoduleshapes.code.tex
File: pgfmoduleshapes.code.tex 2023-01-15 v3.1.10 (3.1.10)
\pgfnodeparttextbox=\box61
)
(/nix/store/sc5p4q3ajvk3586nnrj1iw87698zpgwl-texlive-2024-env-texmfdist/tex/gen
eric/pgf/modules/pgfmoduleplot.code.tex
File: pgfmoduleplot.code.tex 2023-01-15 v3.1.10 (3.1.10)
)
(/nix/store/sc5p4q3ajvk3586nnrj1iw87698zpgwl-texlive-2024-env-texmfdist/tex/lat
ex/pgf/compatibility/pgfcomp-version-0-65.sty
Package: pgfcomp-version-0-65 2023-01-15 v3.1.10 (3.1.10)
\pgf@nodesepstart=\dimen265
\pgf@nodesepend=\dimen266
)
(/nix/store/sc5p4q3ajvk3586nnrj1iw87698zpgwl-texlive-2024-env-texmfdist/tex/lat
ex/pgf/compatibility/pgfcomp-version-1-18.sty
Package: pgfcomp-version-1-18 2023-01-15 v3.1.10 (3.1.10)
))
(/nix/store/sc5p4q3ajvk3586nnrj1iw87698zpgwl-texlive-2024-env-texmfdist/tex/lat
ex/pgf/utilities/pgffor.sty
(/nix/store/sc5p4q3ajvk3586nnrj1iw87698zpgwl-texlive-2024-env-texmfdist/tex/lat
ex/pgf/utilities/pgfkeys.sty
(/nix/store/sc5p4q3ajvk3586nnrj1iw87698zpgwl-texlive-2024-env-texmfdist/tex/gen
eric/pgf/utilities/pgfkeys.code.tex))
(/nix/store/sc5p4q3ajvk3586nnrj1iw87698zpgwl-texlive-2024-env-texmfdist/tex/lat
ex/pgf/math/pgfmath.sty
(/nix/store/sc5p4q3ajvk3586nnrj1iw87698zpgwl-texlive-2024-env-texmfdist/tex/gen
eric/pgf/math/pgfmath.code.tex))
(/nix/store/sc5p4q3ajvk3586nnrj1iw87698zpgwl-texlive-2024-env-texmfdist/tex/gen
eric/pgf/utilities/pgffor.code.tex
Package: pgffor 2023-01-15 v3.1.10 (3.1.10)
\pgffor@iter=\dimen267
\pgffor@skip=\dimen268
\pgffor@stack=\toks37
\pgffor@toks=\toks38
))
(/nix/store/sc5p4q3ajvk3586nnrj1iw87698zpgwl-texlive-2024-env-texmfdist/tex/gen
eric/pgf/frontendlayer/tikz/tikz.code.tex
Package: tikz 2023-01-15 v3.1.10 (3.1.10)

(/nix/store/sc5p4q3ajvk3586nnrj1iw87698zpgwl-texlive-2024-env-texmfdist/tex/gen
eric/pgf/libraries/pgflibraryplothandlers.code.tex
File: pgflibraryplothandlers.code.tex 2023-01-15 v3.1.10 (3.1.10)
\pgf@plot@mark@count=\count312
\pgfplotmarksize=\dimen269
)
\tikz@lastx=\dimen270
\tikz@lasty=\dimen271
\tikz@lastxsaved=\dimen272
\tikz@lastysaved=\dimen273
\tikz@lastmovetox=\dimen274
\tikz@lastmovetoy=\dimen275
\tikzleveldistance=\dimen276
\tikzsiblingdistance=\dimen277
\tikz@figbox=\box62
\tikz@figbox@bg=\box63
\tikz@tempbox=\box64
\tikz@tempbox@bg=\box65
\tikztreelevel=\count313
\tikznumberofchildren=\count314
\tikznumberofcurrentchild=\count315
\tikz@fig@count=\count316

(/nix/store/sc5p4q3ajvk3586nnrj1iw87698zpgwl-texlive-2024-env-texmfdist/tex/gen
eric/pgf/modules/pgfmodulematrix.code.tex
File: pgfmodulematrix.code.tex 2023-01-15 v3.1.10 (3.1.10)
\pgfmatrixcurrentrow=\count317
\pgfmatrixcurrentcolumn=\count318
\pgf@matrix@numberofcolumns=\count319
)
\tikz@expandcount=\count320

(/nix/store/sc5p4q3ajvk3586nnrj1iw87698zpgwl-texlive-2024-env-texmfdist/tex/gen
eric/pgf/frontendlayer/tikz/libraries/tikzlibrarytopaths.code.tex
File: tikzlibrarytopaths.code.tex 2023-01-15 v3.1.10 (3.1.10)
)))
(/nix/store/sc5p4q3ajvk3586nnrj1iw87698zpgwl-texlive-2024-env-texmfdist/tex/lat
ex/float/float.sty
Package: float 2001/11/08 v1.3d Float enhancements (AL)
\c@float@type=\count321
\float@exts=\toks39
\float@box=\box66
\@float@everytoks=\toks40
\@floatcapt=\box67
)
(/nix/store/sc5p4q3ajvk3586nnrj1iw87698zpgwl-texlive-2024-env-texmfdist/tex/lat
ex/enumitem/enumitem.sty
Package: enumitem 2019/06/20 v3.9 Customized lists
\labelindent=\skip56
\enit@outerparindent=\dimen278
\enit@toks=\toks41
\enit@inbox=\box68
\enit@count@id=\count322
\enitdp@description=\count323
)
(/nix/store/sc5p4q3ajvk3586nnrj1iw87698zpgwl-texlive-2024-env-texmfdist/tex/lat
ex/listings/listings.sty
\lst@mode=\count324
\lst@gtempboxa=\box69
\lst@token=\toks42
\lst@length=\count325
\lst@currlwidth=\dimen279
\lst@column=\count326
\lst@pos=\count327
\lst@lostspace=\dimen280
\lst@width=\dimen281
\lst@newlines=\count328
\lst@lineno=\count329
\lst@maxwidth=\dimen282

(/nix/store/sc5p4q3ajvk3586nnrj1iw87698zpgwl-texlive-2024-env-texmfdist/tex/lat
ex/listings/lstpatch.sty
File: lstpatch.sty 2024/09/23 1.10c (Carsten Heinz)
)
(/nix/store/sc5p4q3ajvk3586nnrj1iw87698zpgwl-texlive-2024-env-texmfdist/tex/lat
ex/listings/lstmisc.sty
File: lstmisc.sty 2024/09/23 1.10c (Carsten Heinz)
\c@lstnumber=\count330
\lst@skipnumbers=\count331
\lst@framebox=\box70
)
(/nix/store/sc5p4q3ajvk3586nnrj1iw87698zpgwl-texlive-2024-env-texmfdist/tex/lat
ex/listings/listings.cfg
File: listings.cfg 2024/09/23 1.10c listings configuration
))
Package: listings 2024/09/23 1.10c (Carsten Heinz)

(/nix/store/sc5p4q3ajvk3586nnrj1iw87698zpgwl-texlive-2024-env-texmfdist/tex/lat
ex/placeins/placeins.sty
Package: placeins 2005/04/18  v 2.2
)
(/nix/store/sc5p4q3ajvk3586nnrj1iw87698zpgwl-texlive-2024-env-texmfdist/tex/lat
ex/geometry/geometry.sty
Package: geometry 2020/01/02 v5.9 Page Geometry

(/nix/store/sc5p4q3ajvk3586nnrj1iw87698zpgwl-texlive-2024-env-texmfdist/tex/gen
eric/iftex/ifvtex.sty
Package: ifvtex 2019/10/25 v1.7 ifvtex legacy package. Use iftex instead.
)
\Gm@cnth=\count332
\Gm@cntv=\count333
\c@Gm@tempcnt=\count334
\Gm@bindingoffset=\dimen283
\Gm@wd@mp=\dimen284
\Gm@odd@mp=\dimen285
\Gm@even@mp=\dimen286
\Gm@layoutwidth=\dimen287
\Gm@layoutheight=\dimen288
\Gm@layouthoffset=\dimen289
\Gm@layoutvoffset=\dimen290
\Gm@dimlist=\toks43
)
(/nix/store/sc5p4q3ajvk3586nnrj1iw87698zpgwl-texlive-2024-env-texmfdist/tex/gen
eric/pgf/frontendlayer/tikz/libraries/tikzlibrarypositioning.code.tex
File: tikzlibrarypositioning.code.tex 2023-01-15 v3.1.10 (3.1.10)
)
(/nix/store/sc5p4q3ajvk3586nnrj1iw87698zpgwl-texlive-2024-env-texmfdist/tex/gen
eric/pgf/frontendlayer/tikz/libraries/tikzlibraryarrows.code.tex
File: tikzlibraryarrows.code.tex 2023-01-15 v3.1.10 (3.1.10)

(/nix/store/sc5p4q3ajvk3586nnrj1iw87698zpgwl-texlive-2024-env-texmfdist/tex/gen
eric/pgf/libraries/pgflibraryarrows.code.tex
File: pgflibraryarrows.code.tex 2023-01-15 v3.1.10 (3.1.10)
\arrowsize=\dimen291
))
(/nix/store/sc5p4q3ajvk3586nnrj1iw87698zpgwl-texlive-2024-env-texmfdist/tex/lat
ex/titlesec/titlesec.sty
Package: titlesec 2023/10/27 v2.16 Sectioning titles
\ttl@box=\box71
\beforetitleunit=\skip57
\aftertitleunit=\skip58
\ttl@plus=\dimen292
\ttl@minus=\dimen293
\ttl@toksa=\toks44
\titlewidth=\dimen294
\titlewidthlast=\dimen295
\titlewidthfirst=\dimen296
)
Package hyperref Info: Option `colorlinks' set `true' on input line 74.
LaTeX Font Info:    Trying to load font information for T2A+lmr on input line 7
6.
LaTeX Font Info:    No file T2Almr.fd. on input line 76.


LaTeX Font Warning: Font shape `T2A/lmr/m/n' undefined
(Font)              using `T2A/cmr/m/n' instead on input line 76.


(/nix/store/sc5p4q3ajvk3586nnrj1iw87698zpgwl-texlive-2024-env-texmfdist/tex/lat
ex/l3backend/l3backend-pdftex.def
File: l3backend-pdftex.def 2024-05-08 L3 backend support: PDF output (pdfTeX)
\l__color_backend_stack_int=\count335
\l__pdf_internal_box=\box72
) (./TT.aux)
\openout1 = `TT.aux'.

LaTeX Font Info:    Checking defaults for OML/cmm/m/it on input line 76.
LaTeX Font Info:    ... okay on input line 76.
LaTeX Font Info:    Checking defaults for OMS/cmsy/m/n on input line 76.
LaTeX Font Info:    ... okay on input line 76.
LaTeX Font Info:    Checking defaults for OT1/cmr/m/n on input line 76.
LaTeX Font Info:    ... okay on input line 76.
LaTeX Font Info:    Checking defaults for T1/cmr/m/n on input line 76.
LaTeX Font Info:    ... okay on input line 76.
LaTeX Font Info:    Checking defaults for TS1/cmr/m/n on input line 76.
LaTeX Font Info:    ... okay on input line 76.
LaTeX Font Info:    Checking defaults for OMX/cmex/m/n on input line 76.
LaTeX Font Info:    ... okay on input line 76.
LaTeX Font Info:    Checking defaults for U/cmr/m/n on input line 76.
LaTeX Font Info:    ... okay on input line 76.
LaTeX Font Info:    Checking defaults for T2A/cmr/m/n on input line 76.
LaTeX Font Info:    ... okay on input line 76.
LaTeX Font Info:    Checking defaults for PD1/pdf/m/n on input line 76.
LaTeX Font Info:    ... okay on input line 76.
LaTeX Font Info:    Checking defaults for PU/pdf/m/n on input line 76.
LaTeX Font Info:    ... okay on input line 76.
LaTeX Info: Redefining \th on input line 76.
LaTeX Info: Redefining \microtypecontext on input line 76.
Package microtype Info: Applying patch `item' on input line 76.
Package microtype Info: Applying patch `toc' on input line 76.
Package microtype Info: Applying patch `eqnum' on input line 76.
Package microtype Info: Applying patch `footnote' on input line 76.
Package microtype Info: Applying patch `verbatim' on input line 76.
Package microtype Info: Generating PDF output.
Package microtype Info: Character protrusion enabled (level 2).
Package microtype Info: Using default protrusion set `alltext'.
Package microtype Info: Automatic font expansion enabled (level 2),
(microtype)             stretch: 20, shrink: 20, step: 1, non-selected.
Package microtype Info: Using default expansion set `alltext-nott'.
LaTeX Info: Redefining \showhyphens on input line 76.
Package microtype Info: No adjustment of tracking.
Package microtype Info: No adjustment of interword spacing.
Package microtype Info: No adjustment of character kerning.

(/nix/store/sc5p4q3ajvk3586nnrj1iw87698zpgwl-texlive-2024-env-texmfdist/tex/lat
ex/microtype/mt-cmr.cfg
File: mt-cmr.cfg 2013/05/19 v2.2 microtype config. file: Computer Modern Roman 
(RS)
)
(/nix/store/sc5p4q3ajvk3586nnrj1iw87698zpgwl-texlive-2024-env-texmfdist/tex/con
text/base/mkii/supp-pdf.mkii
[Loading MPS to PDF converter (version 2006.09.02).]
\scratchcounter=\count336
\scratchdimen=\dimen297
\scratchbox=\box73
\nofMPsegments=\count337
\nofMParguments=\count338
\everyMPshowfont=\toks45
\MPscratchCnt=\count339
\MPscratchDim=\dimen298
\MPnumerator=\count340
\makeMPintoPDFobject=\count341
\everyMPtoPDFconversion=\toks46
)
(/nix/store/sc5p4q3ajvk3586nnrj1iw87698zpgwl-texlive-2024-env-texmfdist/tex/lat
ex/epstopdf-pkg/epstopdf-base.sty
Package: epstopdf-base 2020-01-24 v2.11 Base part for package epstopdf
Package epstopdf-base Info: Redefining graphics rule for `.eps' on input line 4
85.

(/nix/store/sc5p4q3ajvk3586nnrj1iw87698zpgwl-texlive-2024-env-texmfdist/tex/lat
ex/latexconfig/epstopdf-sys.cfg
File: epstopdf-sys.cfg 2010/07/13 v1.3 Configuration of (r)epstopdf for TeX Liv
e
))
Package hyperref Info: Link coloring ON on input line 76.
 (./TT.out) (./TT.out)
\@outlinefile=\write4
\openout4 = `TT.out'.

\c@lstlisting=\count342

*geometry* driver: auto-detecting
*geometry* detected driver: pdftex
*geometry* verbose mode - [ preamble ] result:
* driver: pdftex
* paper: a4paper
* layout: <same size as paper>
* layoutoffset:(h,v)=(0.0pt,0.0pt)
* modes: 
* h-part:(L,W,R)=(56.9055pt, 483.69687pt, 56.9055pt)
* v-part:(T,H,B)=(56.9055pt, 686.7347pt, 101.40665pt)
* \paperwidth=597.50787pt
* \paperheight=845.04684pt
* \textwidth=483.69687pt
* \textheight=686.7347pt
* \oddsidemargin=-15.36449pt
* \evensidemargin=-15.36449pt
* \topmargin=-52.36449pt
* \headheight=12.0pt
* \headsep=25.0pt
* \topskip=12.0pt
* \footskip=30.0pt
* \marginparwidth=35.0pt
* \marginparsep=10.0pt
* \columnsep=10.0pt
* \skip\footins=10.8pt plus 4.0pt minus 2.0pt
* \hoffset=0.0pt
* \voffset=0.0pt
* \mag=1000
* \@twocolumnfalse
* \@twosidefalse
* \@mparswitchfalse
* \@reversemarginfalse
* (1in=72.27pt=25.4mm, 1cm=28.453pt)


LaTeX Font Warning: Font shape `T2A/lmr/bx/n' undefined
(Font)              using `T2A/lmr/m/n' instead on input line 81.


LaTeX Font Warning: Font shape `T2A/lmr/m/it' undefined
(Font)              using `T2A/lmr/m/n' instead on input line 90.



[1

{/nix/store/5dm6aqic0wy847ly9l1ag6h5v0rf9d7h-texlive-2024-env/share/texmf-var/f
onts/map/pdftex/updmap/pdftex.map}{/nix/store/sc5p4q3ajvk3586nnrj1iw87698zpgwl-
texlive-2024-env-texmfdist/fonts/enc/dvips/cm-super/cm-super-t2a.enc}]
(./TT.toc
LaTeX Font Info:    Trying to load font information for OT1+lmr on input line 1
.

(/nix/store/sc5p4q3ajvk3586nnrj1iw87698zpgwl-texlive-2024-env-texmfdist/tex/lat
ex/lm/ot1lmr.fd
File: ot1lmr.fd 2015/05/01 v1.6.1 Font defs for Latin Modern
)
LaTeX Font Info:    Trying to load font information for OML+lmm on input line 4
.

(/nix/store/sc5p4q3ajvk3586nnrj1iw87698zpgwl-texlive-2024-env-texmfdist/tex/lat
ex/lm/omllmm.fd
File: omllmm.fd 2015/05/01 v1.6.1 Font defs for Latin Modern
)
LaTeX Font Info:    Trying to load font information for OMS+lmsy on input line 
4.

(/nix/store/sc5p4q3ajvk3586nnrj1iw87698zpgwl-texlive-2024-env-texmfdist/tex/lat
ex/lm/omslmsy.fd
File: omslmsy.fd 2015/05/01 v1.6.1 Font defs for Latin Modern
)
LaTeX Font Info:    Trying to load font information for OMX+lmex on input line 
4.

(/nix/store/sc5p4q3ajvk3586nnrj1iw87698zpgwl-texlive-2024-env-texmfdist/tex/lat
ex/lm/omxlmex.fd
File: omxlmex.fd 2015/05/01 v1.6.1 Font defs for Latin Modern
)
LaTeX Font Info:    External font `lmex10' loaded for size
(Font)              <12> on input line 4.
LaTeX Font Info:    External font `lmex10' loaded for size
(Font)              <8> on input line 4.
LaTeX Font Info:    External font `lmex10' loaded for size
(Font)              <6> on input line 4.
LaTeX Font Info:    Trying to load font information for OML+lmr on input line 4
.

(/nix/store/sc5p4q3ajvk3586nnrj1iw87698zpgwl-texlive-2024-env-texmfdist/tex/lat
ex/lm/omllmr.fd
File: omllmr.fd 2015/05/01 v1.6.1 Font defs for Latin Modern
)

LaTeX Font Warning: Font shape `OML/lmr/m/up' undefined
(Font)              using `OML/lmr/m/it' instead on input line 4.

LaTeX Font Info:    Font shape `OML/lmr/m/it' in size <12> not available
(Font)              Font shape `OML/lmm/m/it' tried instead on input line 4.
LaTeX Font Info:    Font shape `OML/lmr/m/up' in size <8> not available
(Font)              Font shape `OML/lmm/m/it' tried instead on input line 4.
LaTeX Font Info:    Font shape `OML/lmr/m/up' in size <6> not available
(Font)              Font shape `OML/lmm/m/it' tried instead on input line 4.
LaTeX Font Info:    Trying to load font information for OMS+lmr on input line 4
.

(/nix/store/sc5p4q3ajvk3586nnrj1iw87698zpgwl-texlive-2024-env-texmfdist/tex/lat
ex/lm/omslmr.fd
File: omslmr.fd 2015/05/01 v1.6.1 Font defs for Latin Modern
)

LaTeX Font Warning: Font shape `OMS/lmr/m/up' undefined
(Font)              using `OMS/lmr/m/n' instead on input line 4.

LaTeX Font Info:    Font shape `OMS/lmr/m/n' in size <12> not available
(Font)              Font shape `OMS/lmsy/m/n' tried instead on input line 4.
LaTeX Font Info:    Font shape `OMS/lmr/m/up' in size <8> not available
(Font)              Font shape `OMS/lmsy/m/n' tried instead on input line 4.
LaTeX Font Info:    Font shape `OMS/lmr/m/up' in size <6> not available
(Font)              Font shape `OMS/lmsy/m/n' tried instead on input line 4.
LaTeX Font Info:    Trying to load font information for U+msa on input line 4.

(/nix/store/sc5p4q3ajvk3586nnrj1iw87698zpgwl-texlive-2024-env-texmfdist/tex/lat
ex/amsfonts/umsa.fd
File: umsa.fd 2013/01/14 v3.01 AMS symbols A
)
(/nix/store/sc5p4q3ajvk3586nnrj1iw87698zpgwl-texlive-2024-env-texmfdist/tex/lat
ex/microtype/mt-msa.cfg
File: mt-msa.cfg 2006/02/04 v1.1 microtype config. file: AMS symbols (a) (RS)
)
LaTeX Font Info:    Trying to load font information for U+msb on input line 4.

(/nix/store/sc5p4q3ajvk3586nnrj1iw87698zpgwl-texlive-2024-env-texmfdist/tex/lat
ex/amsfonts/umsb.fd
File: umsb.fd 2013/01/14 v3.01 AMS symbols B
)
(/nix/store/sc5p4q3ajvk3586nnrj1iw87698zpgwl-texlive-2024-env-texmfdist/tex/lat
ex/microtype/mt-msb.cfg
File: mt-msb.cfg 2005/06/01 v1.0 microtype config. file: AMS symbols (b) (RS)
)
LaTeX Font Info:    Trying to load font information for PD1+lmr on input line 4
.
LaTeX Font Info:    No file PD1lmr.fd. on input line 4.


LaTeX Font Warning: Font shape `PD1/lmr/m/up' undefined
(Font)              using `PD1/pdf/m/n' instead on input line 4.

LaTeX Font Info:    Trying to load font information for PU+lmr on input line 4.

LaTeX Font Info:    No file PUlmr.fd. on input line 4.

LaTeX Font Warning: Font shape `PU/lmr/m/up' undefined
(Font)              using `PU/pdf/m/n' instead on input line 4.

)
\tf@toc=\write5
\openout5 = `TT.toc'.




pdfTeX warning (ext4): destination with the same identifier (name{page.1}) has 
been already used, duplicate ignored
<to be read again> 
                   \relax 
l.99 \newpage
              [1]
LaTeX Font Info:    Trying to load font information for TS1+lmr on input line 1
12.

(/nix/store/sc5p4q3ajvk3586nnrj1iw87698zpgwl-texlive-2024-env-texmfdist/tex/lat
ex/lm/ts1lmr.fd
File: ts1lmr.fd 2015/05/01 v1.6.1 Font defs for Latin Modern
)
Overfull \hbox (1.33144pt too wide) in paragraph at lines 138--138
 [][]\T2A/lmr/bx/n/12 (-20) �������������� 
 []



[2{/nix/store/sc5p4q3ajvk3586nnrj1iw87698zpgwl-texlive-2024-env-texmfdist/fonts
/enc/dvips/lm/lm-ts1.enc}
pdfTeX warning (ext4): destination with the same identifier (name{figure.1}) ha
s been already used, duplicate ignored
<argument> ...shipout:D \box_use:N \l_shipout_box 
                                                  \__shipout_drop_firstpage_...
l.151 \newpage
              ]

[3]

[4]

[5
pdfTeX warning (ext4): destination with the same identifier (name{figure.2}) ha
s been already used, duplicate ignored
<argument> ...shipout:D \box_use:N \l_shipout_box 
                                                  \__shipout_drop_firstpage_...
l.282     \end{itemize}
                       ]
Overfull \hbox (14.61082pt too wide) in paragraph at lines 318--328
 [][] 
 []



[6
pdfTeX warning (ext4): destination with the same identifier (name{table.1}) has
 been already used, duplicate ignored
<argument> ...shipout:D \box_use:N \l_shipout_box 
                                                  \__shipout_drop_firstpage_...
l.336 ...tion{Технические Детали}
                                                  ]
Package hyperref Info: bookmark level for unknown lstlisting defaults to 0 on i
nput line 361.
LaTeX Font Info:    Trying to load font information for T2A+lmtt on input line 
361.
LaTeX Font Info:    No file T2Almtt.fd. on input line 361.


LaTeX Font Warning: Font shape `T2A/lmtt/m/n' undefined
(Font)              using `T2A/cmr/m/n' instead on input line 361.

Package microtype Info: Loading generic protrusion settings for font family
(microtype)             `lmtt' (encoding: T2A).
(microtype)             For optimal results, create family-specific settings.
(microtype)             See the microtype manual for details.


[7]

[8
pdfTeX warning (ext4): destination with the same identifier (name{figure.3}) ha
s been already used, duplicate ignored
<argument> ...shipout:D \box_use:N \l_shipout_box 
                                                  \__shipout_drop_firstpage_...
l.458         \item �
                     �еализация конечной точки отп�...
]
Overfull \hbox (24.49931pt too wide) in paragraph at lines 505--553
 [][] 
 []



[9]

[10
pdfTeX warning (ext4): destination with the same identifier (name{table.2}) has
 been already used, duplicate ignored
<argument> ...shipout:D \box_use:N \l_shipout_box 
                                                  \__shipout_drop_firstpage_...
l.570         \item �
                     �ремя отклика запроса < 200 мс дл...
]

[11] (./TT.aux)
 ***********
LaTeX2e <2024-06-01> patch level 2
L3 programming layer <2024-10-09>
 ***********


LaTeX Font Warning: Some font shapes were not available, defaults substituted.

Package rerunfilecheck Info: File `TT.out' has not changed.
(rerunfilecheck)             Checksum: B52A67275814E4DE7E70C52E9E8522D9;7829.
 ) 
Here is how much of TeX's memory you used:
 28353 strings out of 473579
 523468 string characters out of 5705100
 990050 words of memory out of 5000000
 50633 multiletter control sequences out of 15000+600000
 584126 words of font info for 104 fonts, out of 8000000 for 9000
 1141 hyphenation exceptions out of 8191
 84i,11n,87p,999b,1296s stack positions out of 10000i,1000n,20000p,200000b,200000s
</nix/store/sc5p4q3ajvk3586nnrj1iw87698zpgwl-texlive-2024-env-texmfdist/fonts
/type1/public/lm/lmr12.pfb></nix/store/sc5p4q3ajvk3586nnrj1iw87698zpgwl-texlive
-2024-env-texmfdist/fonts/type1/public/cm-super/sfrm0600.pfb></nix/store/sc5p4q
3ajvk3586nnrj1iw87698zpgwl-texlive-2024-env-texmfdist/fonts/type1/public/cm-sup
er/sfrm1095.pfb></nix/store/sc5p4q3ajvk3586nnrj1iw87698zpgwl-texlive-2024-env-t
exmfdist/fonts/type1/public/cm-super/sfrm1200.pfb></nix/store/sc5p4q3ajvk3586nn
rj1iw87698zpgwl-texlive-2024-env-texmfdist/fonts/type1/public/cm-super/sfrm1440
.pfb></nix/store/sc5p4q3ajvk3586nnrj1iw87698zpgwl-texlive-2024-env-texmfdist/fo
nts/type1/public/cm-super/sfrm1728.pfb></nix/store/sc5p4q3ajvk3586nnrj1iw87698z
pgwl-texlive-2024-env-texmfdist/fonts/type1/public/cm-super/sfrm2074.pfb></nix/
store/sc5p4q3ajvk3586nnrj1iw87698zpgwl-texlive-2024-env-texmfdist/fonts/type1/p
ublic/cm-super/sfrm2488.pfb>
Output written on TT.pdf (12 pages, 180177 bytes).
PDF statistics:
 358 PDF objects out of 1000 (max. 8388607)
 324 compressed objects within 4 object streams
 96 named destinations out of 1000 (max. 500000)
 31541 words of extra memory for PDF output out of 35830 (max. 10000000)

