\BOOKMARK [1][-]{section.1}{\376\377\004\032\004\100\004\060\004\102\004\072\004\076\004\065\000\040\004\030\004\067\004\073\004\076\004\066\004\065\004\075\004\070\004\065}{}% 1
\BOOKMARK [1][-]{section.2}{\376\377\004\036\004\061\004\067\004\076\004\100\000\040\004\041\004\070\004\101\004\102\004\065\004\074\004\113}{}% 2
\BOOKMARK [2][-]{subsection.2.1}{\376\377\004\046\004\065\004\073\004\070}{section.2}% 3
\BOOKMARK [2][-]{subsection.2.2}{\376\377\004\036\004\061\004\067\004\076\004\100\000\040\004\020\004\100\004\105\004\070\004\102\004\065\004\072\004\102\004\103\004\100\004\113}{section.2}% 4
\BOOKMARK [2][-]{subsection.2.3}{\376\377\004\032\004\073\004\116\004\107\004\065\004\062\004\113\004\065\000\040\004\042\004\065\004\105\004\075\004\076\004\073\004\076\004\063\004\070\004\070}{section.2}% 5
\BOOKMARK [1][-]{section.3}{\376\377\004\042\004\065\004\105\004\075\004\070\004\107\004\065\004\101\004\072\004\070\004\065\000\040\004\041\004\077\004\065\004\106\004\070\004\104\004\070\004\072\004\060\004\106\004\070\004\070}{}% 6
\BOOKMARK [2][-]{subsection.3.1}{\376\377\004\032\004\076\004\074\004\077\004\076\004\075\004\065\004\075\004\102\000\040\004\041\004\061\004\076\004\100\004\060\000\040\004\024\004\060\004\075\004\075\004\113\004\105}{section.3}% 7
\BOOKMARK [3][-]{subsubsection.3.1.1}{\376\377\004\044\004\103\004\075\004\072\004\106\004\070\004\076\004\075\004\060\004\073\004\114\004\075\004\076\004\101\004\102\004\114}{subsection.3.1}% 8
\BOOKMARK [3][-]{subsubsection.3.1.2}{\376\377\004\042\004\065\004\105\004\075\004\070\004\107\004\065\004\101\004\072\004\070\004\065\000\040\004\024\004\065\004\102\004\060\004\073\004\070}{subsection.3.1}% 9
\BOOKMARK [2][-]{subsection.3.2}{\376\377\004\032\004\076\004\074\004\077\004\076\004\075\004\065\004\075\004\102\000\040\004\037\004\100\004\065\004\064\004\076\004\061\004\100\004\060\004\061\004\076\004\102\004\072\004\070\000\040\004\042\004\065\004\072\004\101\004\102\004\060}{section.3}% 10
\BOOKMARK [3][-]{subsubsection.3.2.1}{\376\377\004\044\004\103\004\075\004\072\004\106\004\070\004\076\004\075\004\060\004\073\004\114\004\075\004\076\004\101\004\102\004\114}{subsection.3.2}% 11
\BOOKMARK [3][-]{subsubsection.3.2.2}{\376\377\004\042\004\065\004\105\004\075\004\070\004\107\004\065\004\101\004\072\004\070\004\065\000\040\004\024\004\065\004\102\004\060\004\073\004\070}{subsection.3.2}% 12
\BOOKMARK [3][-]{subsubsection.3.2.3}{\376\377\004\032\004\076\004\075\004\062\004\065\004\071\004\065\004\100\000\040\004\036\004\061\004\100\004\060\004\061\004\076\004\102\004\072\004\070}{subsection.3.2}% 13
\BOOKMARK [2][-]{subsection.3.3}{\376\377\004\032\004\076\004\074\004\077\004\076\004\075\004\065\004\075\004\102\000\040\004\030\004\067\004\062\004\073\004\065\004\107\004\065\004\075\004\070\004\117\000\040\004\032\004\076\004\075\004\106\004\065\004\077\004\106\004\070\004\071}{section.3}% 14
\BOOKMARK [3][-]{subsubsection.3.3.1}{\376\377\004\044\004\103\004\075\004\072\004\106\004\070\004\076\004\075\004\060\004\073\004\114\004\075\004\076\004\101\004\102\004\114}{subsection.3.3}% 15
\BOOKMARK [3][-]{subsubsection.3.3.2}{\376\377\004\042\004\065\004\105\004\075\004\070\004\107\004\065\004\101\004\072\004\070\004\065\000\040\004\024\004\065\004\102\004\060\004\073\004\070}{subsection.3.3}% 16
\BOOKMARK [2][-]{subsection.3.4}{\376\377\004\032\004\076\004\074\004\077\004\076\004\075\004\065\004\075\004\102\000\040\004\036\004\106\004\065\004\075\004\072\004\070\000\040\004\040\004\065\004\073\004\065\004\062\004\060\004\075\004\102\004\075\004\076\004\101\004\102\004\070}{section.3}% 17
\BOOKMARK [3][-]{subsubsection.3.4.1}{\376\377\004\044\004\103\004\075\004\072\004\106\004\070\004\076\004\075\004\060\004\073\004\114\004\075\004\076\004\101\004\102\004\114}{subsection.3.4}% 18
\BOOKMARK [3][-]{subsubsection.3.4.2}{\376\377\004\042\004\065\004\105\004\075\004\070\004\107\004\065\004\101\004\072\004\070\004\065\000\040\004\024\004\065\004\102\004\060\004\073\004\070}{subsection.3.4}% 19
\BOOKMARK [3][-]{subsubsection.3.4.3}{\376\377\004\032\004\060\004\102\004\065\004\063\004\076\004\100\004\070\004\070\000\040\004\040\004\065\004\073\004\065\004\062\004\060\004\075\004\102\004\075\004\076\004\101\004\102\004\070}{subsection.3.4}% 20
\BOOKMARK [2][-]{subsection.3.5}{\376\377\004\032\004\076\004\074\004\077\004\076\004\075\004\065\004\075\004\102\000\040\004\030\004\075\004\064\004\065\004\072\004\101\004\060\004\106\004\070\004\070}{section.3}% 21
\BOOKMARK [3][-]{subsubsection.3.5.1}{\376\377\004\044\004\103\004\075\004\072\004\106\004\070\004\076\004\075\004\060\004\073\004\114\004\075\004\076\004\101\004\102\004\114}{subsection.3.5}% 22
\BOOKMARK [3][-]{subsubsection.3.5.2}{\376\377\004\042\004\065\004\105\004\075\004\070\004\107\004\065\004\101\004\072\004\070\004\065\000\040\004\024\004\065\004\102\004\060\004\073\004\070}{subsection.3.5}% 23
\BOOKMARK [3][-]{subsubsection.3.5.3}{\376\377\004\041\004\102\004\100\004\103\004\072\004\102\004\103\004\100\004\060\000\040\004\030\004\075\004\064\004\065\004\072\004\101\004\060}{subsection.3.5}% 24
\BOOKMARK [2][-]{subsection.3.6}{\376\377\004\032\004\076\004\074\004\077\004\076\004\075\004\065\004\075\004\102\000\040\004\037\004\076\004\070\004\101\004\072\004\060\000\040\004\070\000\040\004\030\004\067\004\062\004\073\004\065\004\107\004\065\004\075\004\070\004\117}{section.3}% 25
\BOOKMARK [3][-]{subsubsection.3.6.1}{\376\377\004\044\004\103\004\075\004\072\004\106\004\070\004\076\004\075\004\060\004\073\004\114\004\075\004\076\004\101\004\102\004\114}{subsection.3.6}% 26
\BOOKMARK [3][-]{subsubsection.3.6.2}{\376\377\004\042\004\065\004\105\004\075\004\070\004\107\004\065\004\101\004\072\004\070\004\065\000\040\004\024\004\065\004\102\004\060\004\073\004\070}{subsection.3.6}% 27
\BOOKMARK [3][-]{subsubsection.3.6.3}{\376\377\004\032\004\076\004\075\004\062\004\065\004\071\004\065\004\100\000\040\004\036\004\061\004\100\004\060\004\061\004\076\004\102\004\072\004\070\000\040\004\027\004\060\004\077\004\100\004\076\004\101\004\076\004\062}{subsection.3.6}% 28
\BOOKMARK [2][-]{subsection.3.7}{\376\377\004\032\004\076\004\074\004\077\004\076\004\075\004\065\004\075\004\102\000\040\004\030\004\075\004\102\004\065\004\063\004\100\004\060\004\106\004\070\004\070}{section.3}% 29
\BOOKMARK [3][-]{subsubsection.3.7.1}{\376\377\004\044\004\103\004\075\004\072\004\106\004\070\004\076\004\075\004\060\004\073\004\114\004\075\004\076\004\101\004\102\004\114}{subsection.3.7}% 30
\BOOKMARK [3][-]{subsubsection.3.7.2}{\376\377\004\042\004\065\004\105\004\075\004\070\004\107\004\065\004\101\004\072\004\070\004\065\000\040\004\024\004\065\004\102\004\060\004\073\004\070}{subsection.3.7}% 31
\BOOKMARK [3][-]{subsubsection.3.7.3}{\376\377\004\041\004\077\004\065\004\106\004\070\004\104\004\070\004\072\004\060\004\106\004\070\004\070\000\040\000A\000P\000I}{subsection.3.7}% 32
\BOOKMARK [1][-]{section.4}{\376\377\004\037\004\073\004\060\004\075\000\040\004\040\004\065\004\060\004\073\004\070\004\067\004\060\004\106\004\070\004\070}{}% 33
\BOOKMARK [1][-]{section.5}{\376\377\004\042\004\065\004\105\004\075\004\070\004\107\004\065\004\101\004\072\004\070\004\065\000\040\004\042\004\100\004\065\004\061\004\076\004\062\004\060\004\075\004\070\004\117}{}% 34
\BOOKMARK [2][-]{subsection.5.1}{\376\377\004\042\004\100\004\065\004\061\004\076\004\062\004\060\004\075\004\070\004\117\000\040\004\072\000\040\004\037\004\100\004\076\004\070\004\067\004\062\004\076\004\064\004\070\004\102\004\065\004\073\004\114\004\075\004\076\004\101\004\102\004\070}{section.5}% 35
\BOOKMARK [1][-]{section.6}{\376\377\004\027\004\060\004\072\004\073\004\116\004\107\004\065\004\075\004\070\004\065}{}% 36
\BOOKMARK [1][-]{appendix.A}{\376\377\004\023\004\073\004\076\004\101\004\101\004\060\004\100\004\070\004\071}{}% 37
